// Jest Snapshot v1, https://goo.gl/fbAQLP

exports[`Film container component should match the snapshot 1`] = `
ShallowWrapper {
  "length": 1,
  Symbol(enzyme.__root__): [Circular],
  Symbol(enzyme.__unrendered__): <Film
    currentRandomFilm={
        Object {
            "openingCrawl": "aca",
            "releaseYear": "aca",
            "title": "aca",
          }
    }
/>,
  Symbol(enzyme.__renderer__): Object {
    "batchedUpdates": [Function],
    "getNode": [Function],
    "render": [Function],
    "simulateEvent": [Function],
    "unmount": [Function],
  },
  Symbol(enzyme.__node__): Object {
    "instance": null,
    "key": undefined,
    "nodeType": "host",
    "props": Object {
      "children": Array [
        <img
          alt="tv"
          className="tv-image"
          src="/assets/starwarstv.png"
/>,
        <div
          className="scrolling-text"
>
          <p>
                    aca
          </p>
</div>,
        <div
          className="title-year-container"
>
          <h2
                    className="title"
          >
                    aca
          </h2>
          <h4
                    className="year"
          >
                    aca
          </h4>
</div>,
      ],
      "className": "film-container",
    },
    "ref": null,
    "rendered": Array [
      Object {
        "instance": null,
        "key": undefined,
        "nodeType": "host",
        "props": Object {
          "alt": "tv",
          "className": "tv-image",
          "src": "/assets/starwarstv.png",
        },
        "ref": null,
        "rendered": null,
        "type": "img",
      },
      Object {
        "instance": null,
        "key": undefined,
        "nodeType": "host",
        "props": Object {
          "children": <p>
            aca
</p>,
          "className": "scrolling-text",
        },
        "ref": null,
        "rendered": Object {
          "instance": null,
          "key": undefined,
          "nodeType": "host",
          "props": Object {
            "children": "aca",
          },
          "ref": null,
          "rendered": "aca",
          "type": "p",
        },
        "type": "div",
      },
      Object {
        "instance": null,
        "key": undefined,
        "nodeType": "host",
        "props": Object {
          "children": Array [
            <h2
              className="title"
>
              aca
</h2>,
            <h4
              className="year"
>
              aca
</h4>,
          ],
          "className": "title-year-container",
        },
        "ref": null,
        "rendered": Array [
          Object {
            "instance": null,
            "key": undefined,
            "nodeType": "host",
            "props": Object {
              "children": "aca",
              "className": "title",
            },
            "ref": null,
            "rendered": "aca",
            "type": "h2",
          },
          Object {
            "instance": null,
            "key": undefined,
            "nodeType": "host",
            "props": Object {
              "children": "aca",
              "className": "year",
            },
            "ref": null,
            "rendered": "aca",
            "type": "h4",
          },
        ],
        "type": "div",
      },
    ],
    "type": "div",
  },
  Symbol(enzyme.__nodes__): Array [
    Object {
      "instance": null,
      "key": undefined,
      "nodeType": "host",
      "props": Object {
        "children": Array [
          <img
            alt="tv"
            className="tv-image"
            src="/assets/starwarstv.png"
/>,
          <div
            className="scrolling-text"
>
            <p>
                        aca
            </p>
</div>,
          <div
            className="title-year-container"
>
            <h2
                        className="title"
            >
                        aca
            </h2>
            <h4
                        className="year"
            >
                        aca
            </h4>
</div>,
        ],
        "className": "film-container",
      },
      "ref": null,
      "rendered": Array [
        Object {
          "instance": null,
          "key": undefined,
          "nodeType": "host",
          "props": Object {
            "alt": "tv",
            "className": "tv-image",
            "src": "/assets/starwarstv.png",
          },
          "ref": null,
          "rendered": null,
          "type": "img",
        },
        Object {
          "instance": null,
          "key": undefined,
          "nodeType": "host",
          "props": Object {
            "children": <p>
              aca
</p>,
            "className": "scrolling-text",
          },
          "ref": null,
          "rendered": Object {
            "instance": null,
            "key": undefined,
            "nodeType": "host",
            "props": Object {
              "children": "aca",
            },
            "ref": null,
            "rendered": "aca",
            "type": "p",
          },
          "type": "div",
        },
        Object {
          "instance": null,
          "key": undefined,
          "nodeType": "host",
          "props": Object {
            "children": Array [
              <h2
                className="title"
>
                aca
</h2>,
              <h4
                className="year"
>
                aca
</h4>,
            ],
            "className": "title-year-container",
          },
          "ref": null,
          "rendered": Array [
            Object {
              "instance": null,
              "key": undefined,
              "nodeType": "host",
              "props": Object {
                "children": "aca",
                "className": "title",
              },
              "ref": null,
              "rendered": "aca",
              "type": "h2",
            },
            Object {
              "instance": null,
              "key": undefined,
              "nodeType": "host",
              "props": Object {
                "children": "aca",
                "className": "year",
              },
              "ref": null,
              "rendered": "aca",
              "type": "h4",
            },
          ],
          "type": "div",
        },
      ],
      "type": "div",
    },
  ],
  Symbol(enzyme.__options__): Object {
    "adapter": ReactSixteenAdapter {
      "options": Object {
        "enableComponentDidUpdateOnSetState": true,
      },
    },
  },
}
`;
