// Jest Snapshot v1, https://goo.gl/fbAQLP

exports[`Film container component should match the snapshot 1`] = `
ShallowWrapper {
  "length": 1,
  Symbol(enzyme.__root__): [Circular],
  Symbol(enzyme.__unrendered__): <Film
    currentRandomFilm={
        Object {
            "openingCrawl": "aca",
            "releaseYear": "aca",
            "title": "aca",
          }
    }
/>,
  Symbol(enzyme.__renderer__): Object {
    "batchedUpdates": [Function],
    "getNode": [Function],
    "render": [Function],
    "simulateEvent": [Function],
    "unmount": [Function],
  },
  Symbol(enzyme.__node__): Object {
    "instance": null,
    "key": undefined,
    "nodeType": "host",
    "props": Object {
      "children": Array [
        <p>
          aca
</p>,
        <h2>
          aca
</h2>,
        <h4>
          aca
</h4>,
      ],
      "className": "film-container",
    },
    "ref": null,
    "rendered": Array [
      Object {
        "instance": null,
        "key": undefined,
        "nodeType": "host",
        "props": Object {
          "children": "aca",
        },
        "ref": null,
        "rendered": "aca",
        "type": "p",
      },
      Object {
        "instance": null,
        "key": undefined,
        "nodeType": "host",
        "props": Object {
          "children": "aca",
        },
        "ref": null,
        "rendered": "aca",
        "type": "h2",
      },
      Object {
        "instance": null,
        "key": undefined,
        "nodeType": "host",
        "props": Object {
          "children": "aca",
        },
        "ref": null,
        "rendered": "aca",
        "type": "h4",
      },
    ],
    "type": "div",
  },
  Symbol(enzyme.__nodes__): Array [
    Object {
      "instance": null,
      "key": undefined,
      "nodeType": "host",
      "props": Object {
        "children": Array [
          <p>
            aca
</p>,
          <h2>
            aca
</h2>,
          <h4>
            aca
</h4>,
        ],
        "className": "film-container",
      },
      "ref": null,
      "rendered": Array [
        Object {
          "instance": null,
          "key": undefined,
          "nodeType": "host",
          "props": Object {
            "children": "aca",
          },
          "ref": null,
          "rendered": "aca",
          "type": "p",
        },
        Object {
          "instance": null,
          "key": undefined,
          "nodeType": "host",
          "props": Object {
            "children": "aca",
          },
          "ref": null,
          "rendered": "aca",
          "type": "h2",
        },
        Object {
          "instance": null,
          "key": undefined,
          "nodeType": "host",
          "props": Object {
            "children": "aca",
          },
          "ref": null,
          "rendered": "aca",
          "type": "h4",
        },
      ],
      "type": "div",
    },
  ],
  Symbol(enzyme.__options__): Object {
    "adapter": ReactSixteenAdapter {
      "options": Object {
        "enableComponentDidUpdateOnSetState": true,
      },
    },
  },
}
`;
